<!DOCTYPE HTML>
<html lang="en">


<head>
    <meta charset="utf-8">
    <meta name="keywords" content="Tag: golden, imags,stcok,show,pictures,img,">
    <meta name="description" content="show pictures images from stock, order by tags,keywords">
    <meta http-equiv="X-UA-Compatible" content="IE=edge">
    <meta name="viewport" content="width=device-width, initial-scale=1.0, user-scalable=no">
    <meta name="renderer" content="webkit|ie-stand|ie-comp">
    <meta name="mobile-web-app-capable" content="yes">
    <meta name="format-detection" content="telephone=no">
    <meta name="apple-mobile-web-app-capable" content="yes">
    <meta name="apple-mobile-web-app-status-bar-style" content="black-translucent">
    <meta name="referrer" content="no-referrer-when-downgrade">
    <!-- Global site tag (gtag.js) - Google Analytics -->


    <title>Tag: golden | kongfumi</title>
    <link rel="icon" type="image/png" href="/favicon-16x16.png">

    <link rel="stylesheet" type="text/css" href="/libs/awesome/css/all.min.css">
    <link rel="stylesheet" type="text/css" href="/libs/materialize/materialize.min.css">
    <link rel="stylesheet" type="text/css" href="/libs/aos/aos.css">
    <link rel="stylesheet" type="text/css" href="/libs/animate/animate.min.css">
    <link rel="stylesheet" type="text/css" href="/libs/lightGallery/css/lightgallery.min.css">
    <link rel="stylesheet" type="text/css" href="/css/matery.css">
    <link rel="stylesheet" type="text/css" href="/css/my.css">

    <script src="/libs/jquery/jquery-3.6.0.min.js"></script>

<meta name="generator" content="Hexo 5.4.1"></head>




<body>
    <header class="navbar-fixed">
    <nav id="headNav" class="bg-color nav-transparent">
        <div id="navContainer" class="nav-wrapper container">
            <div class="brand-logo">
                <a href="/" class="waves-effect waves-light">
                    
                    <img src="/medias/favicon-32x32.png" class="logo-img" alt="LOGO">
                    
                    <span class="logo-span">kongfumi</span>
                </a>
            </div>
            

<a href="#" data-target="mobile-nav" class="sidenav-trigger button-collapse"><i class="fas fa-bars"></i></a>
<ul class="right nav-menu">
  
  <li class="hide-on-med-and-down nav-item">
    
    <a href="/" class="waves-effect waves-light">
      
      <i class="fas fa-home" style="zoom: 0.6;"></i>
      
      <span>Index</span>
    </a>
    
  </li>
  
  <li class="hide-on-med-and-down nav-item">
    
    <a href="/tags" class="waves-effect waves-light">
      
      <i class="fas fa-tags" style="zoom: 0.6;"></i>
      
      <span>Tags</span>
    </a>
    
  </li>
  
  <li class="hide-on-med-and-down nav-item">
    
    <a href="/categories" class="waves-effect waves-light">
      
      <i class="fas fa-bookmark" style="zoom: 0.6;"></i>
      
      <span>Categories</span>
    </a>
    
  </li>
  
  <li class="hide-on-med-and-down nav-item">
    
    <a href="/archives" class="waves-effect waves-light">
      
      <i class="fas fa-archive" style="zoom: 0.6;"></i>
      
      <span>Archives</span>
    </a>
    
  </li>
  
  <li>
    <a href="#searchModal" class="modal-trigger waves-effect waves-light">
      <i id="searchIcon" class="fas fa-search" title="Search" style="zoom: 0.85;"></i>
    </a>
  </li>
</ul>


<div id="mobile-nav" class="side-nav sidenav">

    <div class="mobile-head bg-color">
        
        <img src="/medias/favicon-32x32.png" class="logo-img circle responsive-img">
        
        <div class="logo-name">kongfumi</div>
        <div class="logo-desc">
            
            show pictures images from stock, order by tags,keywords
            
        </div>
    </div>

    <ul class="menu-list mobile-menu-list">
        
        <li class="m-nav-item">
	  
		<a href="/" class="waves-effect waves-light">
			
			    <i class="fa-fw fas fa-home"></i>
			
			Index
		</a>
          
        </li>
        
        <li class="m-nav-item">
	  
		<a href="/tags" class="waves-effect waves-light">
			
			    <i class="fa-fw fas fa-tags"></i>
			
			Tags
		</a>
          
        </li>
        
        <li class="m-nav-item">
	  
		<a href="/categories" class="waves-effect waves-light">
			
			    <i class="fa-fw fas fa-bookmark"></i>
			
			Categories
		</a>
          
        </li>
        
        <li class="m-nav-item">
	  
		<a href="/archives" class="waves-effect waves-light">
			
			    <i class="fa-fw fas fa-archive"></i>
			
			Archives
		</a>
          
        </li>
        
        
    </ul>
</div>


        </div>

        
    </nav>

</header>

    <div class="bg-cover pd-header about-cover">
    <div class="container">
    <div class="row">
    
</div>


<script>
    // 每天切换 banner 图.  Switch banner image every day.
    var bannerUrl = "/medias/banner/" + new Date().getDay() + '.jpg';
    $('.bg-cover').css('background-image', 'url(' + bannerUrl + ')');
</script>


    </div>
</div>

<main class="content">

    

<div id="tags" class="container chip-container">
    <div class="card">
       
    </div>
</div>

    

    <article id="articles" class="container articles">
        <div class="row tags-posts">
            
            
            <div class="article tag-post col s12 m6 l4" data-tags="beautiful, portrait, perfect, girl, female, model, golden, fashion, woman, pretty, sexy, fashionable, beauty, face, clean, trendy, fresh, stylish, skin, make up, makeup, skincare, cosmetic, sensual, cosmetology, accessories, exclusive, jewelry, earrings, jewelery, wear, earings, passion, jewellery, visage, bijouterie, trends, beauty girl, beautiful woman, beautiful girl, beauty products, stylish accessories, fashion woman, woman jewelry, fashion makeup, fresh skin, beauty trends" data-aos="fade-up">
                <div class="card">
                    <a href="/2022/01/26/Fashion%20model%20%20Beautiful%20woman%20with%20clean%20fresh%20skin%20%20Beauty%20girl%20with%20jewelry%20%20Stylish%20accessories/">
                        <div class="card-image tag-image">
                            
                            <img src="https://st.depositphotos.com/thumbs/46902532/image/54367/543677308/api_thumb_450.jpg?forcejpeg=true" class="responsive-img" alt="Fashion model  Beautiful woman with clean fresh skin  Beauty girl with jewelry  Stylish accessories">
                            
                            <span class="card-title">Fashion model  Beautiful woman with clean fresh skin  Beauty girl with jewelry  Stylish accessories</span>
                        </div>
                    </a>
                    <div class="card-content article-content">
                        <div class="publish-info">
                            <span class="publish-date">
                                <i class="far fa-clock fa-fw icon-date"></i>2022-01-26
                            </span>
                            <span class="publish-author">
                                
                                <i class="fas fa-bookmark fa-fw icon-category"></i>
                                
                                <a href="/categories/girl/" class="post-category">
                                girl
                                </a>
                                
                                
                            </span>
                        </div>
                    </div>
                </div>
            </div>
            
            
            <div class="article tag-post col s12 m6 l4" data-tags="vector, technology, line, icon, logo, drone, golden, helicopter, fly, eps, premium, airplane, royal, transportation, electronics, blade, blades, propeller, aviation" data-aos="fade-up">
                <div class="card">
                    <a href="/2021/06/01/Blades%20golden%20line%20premium%20logo%20or%20icon/">
                        <div class="card-image tag-image">
                            
                            <img src="https://st2.depositphotos.com/thumbs/50337402/vector/47084/470845824/api_thumb_450.jpg?forcejpeg=true" class="responsive-img" alt="Blades golden line premium logo or icon">
                            
                            <span class="card-title">Blades golden line premium logo or icon</span>
                        </div>
                    </a>
                    <div class="card-content article-content">
                        <div class="publish-info">
                            <span class="publish-date">
                                <i class="far fa-clock fa-fw icon-date"></i>2021-06-01
                            </span>
                            <span class="publish-author">
                                
                                <i class="fas fa-bookmark fa-fw icon-category"></i>
                                
                                <a href="/categories/drone/" class="post-category">
                                drone
                                </a>
                                
                                
                            </span>
                        </div>
                    </div>
                </div>
            </div>
            
            
            <div class="article tag-post col s12 m6 l4" data-tags="background, celebration, xmas, gold, concept, New Year, flatlay, new, decoration, bright, black, creative, template, snow, winter, golden, decorative, object, text, minimal, trendy, happy, year, view, top, above, red, time, lights, dark, glow, flat, festive, merry, celebrate, lay, down, shiny, postcard, noel, minimalism, bokeh, clock, glitter, shimmer, snowflakes, alarm, midnight, sparkles, twelve" data-aos="fade-up">
                <div class="card">
                    <a href="/2019/12/17/New%20Year%20postcard%20with%20clock%20and%20golden%20bokeh/">
                        <div class="card-image tag-image">
                            
                            <img src="https://st3.depositphotos.com/thumbs/1007600/image/32518/325180462/api_thumb_450.jpg?forcejpeg=true" class="responsive-img" alt="New Year postcard with clock and golden bokeh">
                            
                            <span class="card-title">New Year postcard with clock and golden bokeh</span>
                        </div>
                    </a>
                    <div class="card-content article-content">
                        <div class="publish-info">
                            <span class="publish-date">
                                <i class="far fa-clock fa-fw icon-date"></i>2019-12-17
                            </span>
                            <span class="publish-author">
                                
                                <i class="fas fa-bookmark fa-fw icon-category"></i>
                                
                                <a href="/categories/flatlay/" class="post-category">
                                flatlay
                                </a>
                                
                                
                            </span>
                        </div>
                    </div>
                </div>
            </div>
            
            
            <div class="article tag-post col s12 m6 l4" data-tags="background, copy space, season, park, nature, sunny, golden, natural, nobody, green, sun, outdoors, autumn, sunshine, no people, trees, forest, seasonal, yellow, wood, outside, leaves, plants, flora, foliage, daytime, fall, dry, daylight, sunlight, autumnal" data-aos="fade-up">
                <div class="card">
                    <a href="/2019/10/29/sun,%20trees%20with%20yellow%20and%20green%20leaves%20in%20autumnal%20park%20at%20day/">
                        <div class="card-image tag-image">
                            
                            <img src="https://st4.depositphotos.com/thumbs/13349494/image/31511/315115968/api_thumb_450.jpg?forcejpeg=true" class="responsive-img" alt="sun, trees with yellow and green leaves in autumnal park at day">
                            
                            <span class="card-title">sun, trees with yellow and green leaves in autumnal park at day</span>
                        </div>
                    </a>
                    <div class="card-content article-content">
                        <div class="publish-info">
                            <span class="publish-date">
                                <i class="far fa-clock fa-fw icon-date"></i>2019-10-29
                            </span>
                            <span class="publish-author">
                                
                                <i class="fas fa-bookmark fa-fw icon-category"></i>
                                
                                <a href="/categories/nature/" class="post-category">
                                nature
                                </a>
                                
                                
                            </span>
                        </div>
                    </div>
                </div>
            </div>
            
            
            <div class="article tag-post col s12 m6 l4" data-tags="background, season, park, nature, outdoor, sunny, landscape, golden, natural, nobody, backdrop, autumn, sunshine, no people, scenic, trees, forest, seasonal, yellow, outside, leaves, plants, flora, foliage, daytime, fall, path, shadow, daylight, sunlight, trail, picturesque, autumnal, pathway" data-aos="fade-up">
                <div class="card">
                    <a href="/2019/10/29/scenic%20autumnal%20forest%20with%20golden%20foliage%20and%20path%20in%20sunlight/">
                        <div class="card-image tag-image">
                            
                            <img src="https://st4.depositphotos.com/thumbs/15827116/image/31575/315758452/api_thumb_450.jpg?forcejpeg=true" class="responsive-img" alt="scenic autumnal forest with golden foliage and path in sunlight">
                            
                            <span class="card-title">scenic autumnal forest with golden foliage and path in sunlight</span>
                        </div>
                    </a>
                    <div class="card-content article-content">
                        <div class="publish-info">
                            <span class="publish-date">
                                <i class="far fa-clock fa-fw icon-date"></i>2019-10-29
                            </span>
                            <span class="publish-author">
                                
                                <i class="fas fa-bookmark fa-fw icon-category"></i>
                                
                                <a href="/categories/nature/" class="post-category">
                                nature
                                </a>
                                
                                
                            </span>
                        </div>
                    </div>
                </div>
            </div>
            
            
            <div class="article tag-post col s12 m6 l4" data-tags="background, space, anniversary, celebration, christmas, holiday, party, concept, sparkling, flatlay, white, design, new, abstract, color, decoration, bright, texture, pink, creative, golden, copy, backdrop, trendy, birthday, year, view, top, flat, festive, glamour, feminine, purple, shine, valentine, pastel, lay, shiny, blogging, glowing, sparkle, glitter, sparkles, pearl, confetti, girly, shimmering, opalescent, sequins, giveaway" data-aos="fade-up">
                <div class="card">
                    <a href="/2019/06/06/Pearl%20pastel%20confetti%20sparkles%20on%20white%20background/">
                        <div class="card-image tag-image">
                            
                            <img src="https://st4.depositphotos.com/thumbs/1007600/image/27357/273573876/api_thumb_450.jpg?forcejpeg=true" class="responsive-img" alt="Pearl pastel confetti sparkles on white background">
                            
                            <span class="card-title">Pearl pastel confetti sparkles on white background</span>
                        </div>
                    </a>
                    <div class="card-content article-content">
                        <div class="publish-info">
                            <span class="publish-date">
                                <i class="far fa-clock fa-fw icon-date"></i>2019-06-06
                            </span>
                            <span class="publish-author">
                                
                                <i class="fas fa-bookmark fa-fw icon-category"></i>
                                
                                <a href="/categories/flatlay/" class="post-category">
                                flatlay
                                </a>
                                
                                
                            </span>
                        </div>
                    </div>
                </div>
            </div>
            
            
            <div class="article tag-post col s12 m6 l4" data-tags="celebration, holiday, copy space, caucasian, girl, golden, cute, event, colorful, green, spring, food, traditional, sitting, grass, greeting, sunshine, one person, yellow, festive, childhood, easter, daytime, kid, baby, child, shiny, Studio Shot, adorable, dreamy, daylight, toddler, sunlight, springtime, Isolated On White, pensive, painted, wicker, easter eggs, chicken eggs, straw basket" data-aos="fade-up">
                <div class="card">
                    <a href="/2019/03/27/cute%20kid%20sitting%20near%20straw%20basket%20with%20colorful%20Easter%20eggs%20isolated%20on%20white/">
                        <div class="card-image tag-image">
                            
                            <img src="https://st4.depositphotos.com/thumbs/23223598/image/25255/252558622/api_thumb_450.jpg?forcejpeg=true" class="responsive-img" alt="cute kid sitting near straw basket with colorful Easter eggs isolated on white">
                            
                            <span class="card-title">cute kid sitting near straw basket with colorful Easter eggs isolated on white</span>
                        </div>
                    </a>
                    <div class="card-content article-content">
                        <div class="publish-info">
                            <span class="publish-date">
                                <i class="far fa-clock fa-fw icon-date"></i>2019-03-27
                            </span>
                            <span class="publish-author">
                                
                                <i class="fas fa-bookmark fa-fw icon-category"></i>
                                
                                <a href="/categories/color/" class="post-category">
                                color
                                </a>
                                
                                
                            </span>
                        </div>
                    </div>
                </div>
            </div>
            
            
            <div class="article tag-post col s12 m6 l4" data-tags="background, season, park, nature, outdoor, sunny, landscape, golden, natural, nobody, sun, autumn, sunshine, scenic, trees, forest, seasonal, yellow, outside, leaves, plants, branches, calm, tranquility, shining, flora, foliage, daytime, fall, peaceful, daylight, sunlight, picturesque, backlit, ground, fallen, calmness, shadows, autumnal, trunks, twigs" data-aos="fade-up">
                <div class="card">
                    <a href="/2018/12/07/Sunshine%20on%20fallen%20leaves%20in%20autumn%20forest/">
                        <div class="card-image tag-image">
                            
                            <img src="https://st4.depositphotos.com/thumbs/15827116/image/22976/229764792/api_thumb_450.jpg?forcejpeg=true" class="responsive-img" alt="Sunshine on fallen leaves in autumn forest">
                            
                            <span class="card-title">Sunshine on fallen leaves in autumn forest</span>
                        </div>
                    </a>
                    <div class="card-content article-content">
                        <div class="publish-info">
                            <span class="publish-date">
                                <i class="far fa-clock fa-fw icon-date"></i>2018-12-07
                            </span>
                            <span class="publish-author">
                                
                                <i class="fas fa-bookmark fa-fw icon-category"></i>
                                
                                <a href="/categories/nature/" class="post-category">
                                nature
                                </a>
                                
                                
                            </span>
                        </div>
                    </div>
                </div>
            </div>
            
            
            <div class="article tag-post col s12 m6 l4" data-tags="background, beautiful, black, couple, person, people, caucasian, man, attractive, girl, female, model, golden, industrial, style, grunge, victorian, vintage, fashion, machine, fantasy, woman, music, grey, culture, rock, clothes, gear, mechanism, Eyewear, glasses, outfit, gothic, subculture, punk, halloween, chest, posing, mechanic, old fashioned, armed, boot, Belt, steam, steampunk, scientist, cyberpunk, post apocalypse, retro futurism" data-aos="fade-up">
                <div class="card">
                    <a href="/2018/02/06/A%20scientist,%20a%20mechanic%20with%20glasses,%20examines%20an%20artificial%20rob/">
                        <div class="card-image tag-image">
                            
                            <img src="https://st3.depositphotos.com/thumbs/7574356/image/18299/182999660/api_thumb_450.jpg?forcejpeg=true" class="responsive-img" alt="A scientist, a mechanic with glasses, examines an artificial rob">
                            
                            <span class="card-title">A scientist, a mechanic with glasses, examines an artificial rob</span>
                        </div>
                    </a>
                    <div class="card-content article-content">
                        <div class="publish-info">
                            <span class="publish-date">
                                <i class="far fa-clock fa-fw icon-date"></i>2018-02-06
                            </span>
                            <span class="publish-author">
                                
                                <i class="fas fa-bookmark fa-fw icon-category"></i>
                                
                                <a href="/categories/story/" class="post-category">
                                story
                                </a>
                                
                                
                            </span>
                        </div>
                    </div>
                </div>
            </div>
            
            
            <div class="article tag-post col s12 m6 l4" data-tags="beautiful, floral, season, travel, park, nature, outdoor, landscape, golden, natural, growth, way, nobody, inspiration, scene, autumn, scenic, tranquil, scenery, road, trees, forest, seasonal, yellow, leaves, relaxation, flora, foliage, fall, path, sunlight, growing, backlit, back light, silence, fallen, reservation, covered, serenity" data-aos="fade-up">
                <div class="card">
                    <a href="/2017/11/02/road%20in%20autumn%20park%20covered%20with%20leaves/">
                        <div class="card-image tag-image">
                            
                            <img src="https://st3.depositphotos.com/thumbs/13193824/image/17180/171803828/api_thumb_450.jpg?forcejpeg=true" class="responsive-img" alt="road in autumn park covered with leaves">
                            
                            <span class="card-title">road in autumn park covered with leaves</span>
                        </div>
                    </a>
                    <div class="card-content article-content">
                        <div class="publish-info">
                            <span class="publish-date">
                                <i class="far fa-clock fa-fw icon-date"></i>2017-11-02
                            </span>
                            <span class="publish-author">
                                
                                <i class="fas fa-bookmark fa-fw icon-category"></i>
                                
                                <a href="/categories/nature/" class="post-category">
                                nature
                                </a>
                                
                                
                            </span>
                        </div>
                    </div>
                </div>
            </div>
            
            
            <div class="article tag-post col s12 m6 l4" data-tags="gold, vector, design, light, line, modern, outline, graphic, sign, symbol, letter, template, logo, alphabet, golden, vintage, fashion, art, element, decorative, geometric, text, clean, web, display, minimal, set, trendy, retro, thin, lines, font, invitation, school, poster, contour, minimalism, simple, typography, type, Linear, lettering, calligraphy, regular, headline, typographic, corners, uppercase, angles, experimental" data-aos="fade-up">
                <div class="card">
                    <a href="/2015/05/25/Minimalistic%20alphabet%20with%20thin%20lines/">
                        <div class="card-image tag-image">
                            
                            <img src="https://st2.depositphotos.com/thumbs/4035529/vector/7335/73351525/api_thumb_450.jpg?forcejpeg=true" class="responsive-img" alt="Minimalistic alphabet with thin lines">
                            
                            <span class="card-title">Minimalistic alphabet with thin lines</span>
                        </div>
                    </a>
                    <div class="card-content article-content">
                        <div class="publish-info">
                            <span class="publish-date">
                                <i class="far fa-clock fa-fw icon-date"></i>2015-05-25
                            </span>
                            <span class="publish-author">
                                
                                <i class="fas fa-bookmark fa-fw icon-category"></i>
                                
                                <a href="/categories/retro/" class="post-category">
                                retro
                                </a>
                                
                                
                            </span>
                        </div>
                    </div>
                </div>
            </div>
            
            
            <div class="article tag-post col s12 m6 l4" data-tags="background, gold, blue, season, nature, sunny, landscape, health, healthy, golden, natural, growth, summer, plant, food, bread, grass, sun, countryside, field, scene, rural, autumn, seed, crop, ripe, harvest, farm, agriculture, corn, grain, harvesting, farming, agricultural, cereal, yellow, closeup, straw, dry, wheat, baking, stem, ear, grow, cultivated, barley, fields, spike, campo, rye" data-aos="fade-up">
                <div class="card">
                    <a href="/2013/05/02/Wheat%20field/">
                        <div class="card-image tag-image">
                            
                            <img src="https://st.depositphotos.com/thumbs/1038117/image/2427/24277343/api_thumb_450.jpg?forcejpeg=true" class="responsive-img" alt="Wheat field">
                            
                            <span class="card-title">Wheat field</span>
                        </div>
                    </a>
                    <div class="card-content article-content">
                        <div class="publish-info">
                            <span class="publish-date">
                                <i class="far fa-clock fa-fw icon-date"></i>2013-05-02
                            </span>
                            <span class="publish-author">
                                
                                <i class="fas fa-bookmark fa-fw icon-category"></i>
                                
                                <a href="/categories/nature/" class="post-category">
                                nature
                                </a>
                                
                                
                            </span>
                        </div>
                    </div>
                </div>
            </div>
            
            
            <div class="article tag-post col s12 m6 l4" data-tags="background, gold, concept, abstract, beautiful, nice, love, young, people, portrait, caucasian, perfect, girl, female, golden, fashion, woman, cute, pretty, art, beauty, brown, face, idea, expression, happy, surprise, smile, romantic, hair, gift, present, happiness, up, close, flying, date, motion, sepia, mood, tone, toned, charming, charm, laugh, dreams, wishes, bliss, felicity, Bello" data-aos="fade-up">
                <div class="card">
                    <a href="/2013/03/03/Beautiful%20woman%20portrait/">
                        <div class="card-image tag-image">
                            
                            <img src="https://st.depositphotos.com/thumbs/1003368/image/2157/21579159/api_thumb_450.jpg?forcejpeg=true" class="responsive-img" alt="Beautiful woman portrait">
                            
                            <span class="card-title">Beautiful woman portrait</span>
                        </div>
                    </a>
                    <div class="card-content article-content">
                        <div class="publish-info">
                            <span class="publish-date">
                                <i class="far fa-clock fa-fw icon-date"></i>2013-03-03
                            </span>
                            <span class="publish-author">
                                
                                <i class="fas fa-bookmark fa-fw icon-category"></i>
                                
                                <a href="/categories/Perfect/" class="post-category">
                                Perfect
                                </a>
                                
                                
                            </span>
                        </div>
                    </div>
                </div>
            </div>
            
        </div>
    </article>
</main>




    <footer class="page-footer bg-color">
    

    <div class="container row center-align"
         style="margin-bottom: 0px !important;">
        <div class="col s12 m8 l8 copy-right">
            Copyright&nbsp;&copy;
            
                <span id="year">2019-2022</span>
            
            <a href="/about" target="_blank">walkingsky</a>
            |&nbsp;Powered by&nbsp;<a href="https://hexo.io/" target="_blank">Hexo</a>
            |&nbsp;Theme&nbsp;<a href="https://github.com/blinkfox/hexo-theme-matery" target="_blank">Matery</a>
            <br>
           
            <br>

            
        </div>
       
    </div>
</footer>

<div class="progress-bar"></div>


    <!-- 搜索遮罩框 -->
<div id="searchModal" class="modal">
    <div class="modal-content">
        <div class="search-header">
            <span class="title"><i class="fas fa-search"></i>&nbsp;&nbsp;Search</span>
            <input type="search" id="searchInput" name="s" placeholder="Please enter a search keyword"
                   class="search-input">
        </div>
        <div id="searchResult"></div>
    </div>
</div>

<script type="text/javascript">
$(function () {
    var searchFunc = function (path, search_id, content_id) {
        'use strict';
        $.ajax({
            url: path,
            dataType: "xml",
            success: function (xmlResponse) {
                // get the contents from search data
                var datas = $("entry", xmlResponse).map(function () {
                    return {
                        title: $("title", this).text(),
                        content: $("content", this).text(),
                        url: $("url", this).text()
                    };
                }).get();
                var $input = document.getElementById(search_id);
                var $resultContent = document.getElementById(content_id);
                $input.addEventListener('input', function () {
                    var str = '<ul class=\"search-result-list\">';
                    var keywords = this.value.trim().toLowerCase().split(/[\s\-]+/);
                    $resultContent.innerHTML = "";
                    if (this.value.trim().length <= 0) {
                        return;
                    }
                    // perform local searching
                    datas.forEach(function (data) {
                        var isMatch = true;
                        var data_title = data.title.trim().toLowerCase();
                        var data_content = data.content.trim().replace(/<[^>]+>/g, "").toLowerCase();
                        var data_url = data.url;
                        data_url = data_url.indexOf('/') === 0 ? data.url : '/' + data_url;
                        var index_title = -1;
                        var index_content = -1;
                        var first_occur = -1;
                        // only match artiles with not empty titles and contents
                        if (data_title !== '' && data_content !== '') {
                            keywords.forEach(function (keyword, i) {
                                index_title = data_title.indexOf(keyword);
                                index_content = data_content.indexOf(keyword);
                                if (index_title < 0 && index_content < 0) {
                                    isMatch = false;
                                } else {
                                    if (index_content < 0) {
                                        index_content = 0;
                                    }
                                    if (i === 0) {
                                        first_occur = index_content;
                                    }
                                }
                            });
                        }
                        // show search results
                        if (isMatch) {
                            str += "<li><a href='" + data_url + "' class='search-result-title'>" + data_title + "</a>";
                            var content = data.content.trim().replace(/<[^>]+>/g, "");
                            if (first_occur >= 0) {
                                // cut out 100 characters
                                var start = first_occur - 20;
                                var end = first_occur + 80;
                                if (start < 0) {
                                    start = 0;
                                }
                                if (start === 0) {
                                    end = 100;
                                }
                                if (end > content.length) {
                                    end = content.length;
                                }
                                var match_content = content.substr(start, end);
                                // highlight all keywords
                                keywords.forEach(function (keyword) {
                                    var regS = new RegExp(keyword, "gi");
                                    match_content = match_content.replace(regS, "<em class=\"search-keyword\">" + keyword + "</em>");
                                });

                                str += "<p class=\"search-result\">" + match_content + "...</p>"
                            }
                            str += "</li>";
                        }
                    });
                    str += "</ul>";
                    $resultContent.innerHTML = str;
                });
            }
        });
    };

    searchFunc('/search.xml', 'searchInput', 'searchResult');
});
</script>

    <!-- 回到顶部按钮 -->
<div id="backTop" class="top-scroll">
    <a class="btn-floating btn-large waves-effect waves-light" href="#!">
        <i class="fas fa-arrow-up"></i>
    </a>
</div>


    <script src="/libs/materialize/materialize.min.js"></script>
    <script src="/libs/masonry/masonry.pkgd.min.js"></script>
    <script src="/libs/aos/aos.js"></script>
    <script src="/libs/scrollprogress/scrollProgress.min.js"></script>
    <script src="/libs/lightGallery/js/lightgallery-all.min.js"></script>
    <script src="/js/matery.js"></script>

    

    

    <!-- 雪花特效 -->
    

    <!-- 鼠标星星特效 -->
    

    

    <!-- Baidu Analytics -->

    <!-- Baidu Push -->

<script>
    (function () {
        var bp = document.createElement('script');
        var curProtocol = window.location.protocol.split(':')[0];
        if (curProtocol === 'https') {
            bp.src = 'https://zz.bdstatic.com/linksubmit/push.js';
        } else {
            bp.src = 'http://push.zhanzhang.baidu.com/push.js';
        }
        var s = document.getElementsByTagName("script")[0];
        s.parentNode.insertBefore(bp, s);
    })();
</script>

    
    

    

    

    <!--腾讯兔小巢-->
    
    

    

    

    
    <script src="/libs/instantpage/instantpage.js" type="module"></script>
    

</body>

</html>
